// Jest Snapshot v1, https://goo.gl/fbAQLP

exports[`AddOtherAssetsModal component test renders component 1`] = `
<div
  aria-hidden="true"
/>
`;
