// Jest Snapshot v1, https://goo.gl/fbAQLP

exports[`Connection component test renders component 1`] = `
<div>
  <h4
    class="flex-center lightgreen"
  >
    <svg
      aria-hidden="true"
      class="MuiSvgIcon-root MuiSvgIcon-fontSizeMedium css-i4bv87-MuiSvgIcon-root"
      data-testid="RectangleRoundedIcon"
      focusable="false"
      viewBox="0 0 24 24"
    >
      <path
        d="M2 6v12c0 1.1.9 2 2 2h16c1.1 0 2-.9 2-2V6c0-1.1-.9-2-2-2H4c-1.1 0-2 .9-2 2z"
      />
    </svg>
    Â All systems ok!
  </h4>
</div>
`;
