// Jest Snapshot v1, https://goo.gl/fbAQLP

exports[`ReceiveFunds component test renders component 1`] = `<div />`;
