// Jest Snapshot v1, https://goo.gl/fbAQLP

exports[`SendFunds component test renders component 1`] = `<div />`;
