// Jest Snapshot v1, https://goo.gl/fbAQLP

exports[`MyModal test should work 1`] = `null`;
