// Jest Snapshot v1, https://goo.gl/fbAQLP

exports[`Swap test should work 1`] = `
<div
  className="App"
>
  <h3 />
</div>
`;
