// Jest Snapshot v1, https://goo.gl/fbAQLP

exports[`SwapCreate test should work 1`] = `
<div>
  <div
    class="MuiBox-root css-0"
  >
    <div
      class="MuiStack-root css-163ljxj-MuiStack-root"
    >
      <div
        class="MuiGrid-root MuiGrid-container css-1o9533o-MuiGrid-root"
      >
        <div
          class="MuiGrid-root MuiGrid-item MuiGrid-grid-xs-4 css-z58hwb-MuiGrid-root"
          style="display: flex; align-items: center;"
        >
          <h3>
            Swap
          </h3>
        </div>
      </div>
      <div
        class="MuiGrid-root css-vj1n65-MuiGrid-root"
      >
        <div
          class="MuiGrid-root MuiGrid-container css-1tj2tdk-MuiGrid-root"
        >
          <div
            class="MuiGrid-root MuiGrid-container MuiGrid-item MuiGrid-direction-xs-column MuiGrid-grid-xs-7 css-1smoqvn-MuiGrid-root"
          >
            <input
              class="undefined qty-input"
              placeholder="1000"
              type="number"
              value=""
            />
          </div>
          <div
            class="MuiGrid-root MuiGrid-item MuiGrid-grid-xs-5 css-14m1l2r-MuiGrid-root"
          >
            <button
              class="MuiButtonBase-root MuiButton-root MuiButton-text MuiButton-textPrimary MuiButton-sizeMedium MuiButton-textSizeMedium MuiButton-root MuiButton-text MuiButton-textPrimary MuiButton-sizeMedium MuiButton-textSizeMedium undefined coin-select css-1e6y48t-MuiButtonBase-root-MuiButton-root"
              tabindex="0"
              type="button"
            >
              <img
                src="https://github.com/dapphub/trustwallet-assets/blob/master/blockchains/bitcoin/info/logo.png?raw=true"
              />
              BTC
              <span
                class="MuiTouchRipple-root css-8je8zh-MuiTouchRipple-root"
              />
            </button>
          </div>
        </div>
        <hr
          class="MuiDivider-root MuiDivider-fullWidth css-9mgopn-MuiDivider-root"
          style="border-color: #202020; margin: 0.5em -1em 0px -1em;"
        />
        <button
          class="MuiButtonBase-root MuiIconButton-root MuiIconButton-sizeMedium undefined exchange css-78trlr-MuiButtonBase-root-MuiIconButton-root"
          tabindex="0"
          type="button"
        >
          <svg
            aria-hidden="true"
            class="MuiSvgIcon-root MuiSvgIcon-fontSizeMedium css-i4bv87-MuiSvgIcon-root"
            data-testid="SettingsEthernetIcon"
            focusable="false"
            viewBox="0 0 24 24"
          >
            <path
              d="M7.77 6.76 6.23 5.48.82 12l5.41 6.52 1.54-1.28L3.42 12l4.35-5.24zM7 13h2v-2H7v2zm10-2h-2v2h2v-2zm-6 2h2v-2h-2v2zm6.77-7.52-1.54 1.28L20.58 12l-4.35 5.24 1.54 1.28L23.18 12l-5.41-6.52z"
            />
          </svg>
          <span
            class="MuiTouchRipple-root css-8je8zh-MuiTouchRipple-root"
          />
        </button>
        <div
          class="MuiGrid-root MuiGrid-container mt-m1 mb-0 css-1tj2tdk-MuiGrid-root"
        >
          <div
            class="MuiGrid-root MuiGrid-container MuiGrid-item MuiGrid-direction-xs-column MuiGrid-grid-xs-7 css-1smoqvn-MuiGrid-root"
          >
            <input
              class="undefined qty-input"
              placeholder="1000"
              type="number"
              value=""
            />
          </div>
          <div
            class="MuiGrid-root MuiGrid-item MuiGrid-grid-xs-5 css-14m1l2r-MuiGrid-root"
          >
            <button
              class="MuiButtonBase-root MuiButton-root MuiButton-text MuiButton-textPrimary MuiButton-sizeMedium MuiButton-textSizeMedium MuiButton-root MuiButton-text MuiButton-textPrimary MuiButton-sizeMedium MuiButton-textSizeMedium undefined coin-select css-1e6y48t-MuiButtonBase-root-MuiButton-root"
              tabindex="0"
              type="button"
            >
              <img
                src="https://github.com/dapphub/trustwallet-assets/blob/master/blockchains/ethereum/info/logo.png?raw=true"
              />
              ETH
              <span
                class="MuiTouchRipple-root css-8je8zh-MuiTouchRipple-root"
              />
            </button>
          </div>
        </div>
      </div>
      <div
        class="MuiGrid-root css-e54n9e-MuiGrid-root"
      >
        <button
          circular="true"
          class="MuiButtonBase-root MuiButton-root MuiButton-text MuiButton-textPrimary MuiButton-sizeMedium MuiButton-textSizeMedium Mui-disabled MuiButton-root MuiButton-text MuiButton-textPrimary MuiButton-sizeMedium MuiButton-textSizeMedium w-100 h-3 gradient-btn-disabled css-1e6y48t-MuiButtonBase-root-MuiButton-root"
          disabled=""
          secondary="true"
          tabindex="-1"
          type="button"
        >
          Enter Amounts to Swap
        </button>
      </div>
    </div>
  </div>
</div>
`;

exports[`SwapCreate test should work 2`] = `
<div>
  <div
    class="MuiBox-root css-0"
  >
    <div
      class="MuiStack-root css-163ljxj-MuiStack-root"
    >
      <div
        class="MuiGrid-root MuiGrid-container css-1o9533o-MuiGrid-root"
      >
        <div
          class="MuiGrid-root MuiGrid-item MuiGrid-grid-xs-4 css-z58hwb-MuiGrid-root"
          style="display: flex; align-items: center;"
        >
          <h3>
            Swap
          </h3>
        </div>
      </div>
      <div
        class="MuiGrid-root css-vj1n65-MuiGrid-root"
      >
        <div
          class="MuiGrid-root MuiGrid-container css-1tj2tdk-MuiGrid-root"
        >
          <div
            class="MuiGrid-root MuiGrid-container MuiGrid-item MuiGrid-direction-xs-column MuiGrid-grid-xs-7 css-1smoqvn-MuiGrid-root"
          >
            <input
              class="undefined qty-input"
              placeholder="1000"
              type="number"
              value=""
            />
          </div>
          <div
            class="MuiGrid-root MuiGrid-item MuiGrid-grid-xs-5 css-14m1l2r-MuiGrid-root"
          >
            <button
              class="MuiButtonBase-root MuiButton-root MuiButton-text MuiButton-textPrimary MuiButton-sizeMedium MuiButton-textSizeMedium MuiButton-root MuiButton-text MuiButton-textPrimary MuiButton-sizeMedium MuiButton-textSizeMedium undefined coin-select css-1e6y48t-MuiButtonBase-root-MuiButton-root"
              tabindex="0"
              type="button"
            >
              <img
                src="https://github.com/dapphub/trustwallet-assets/blob/master/blockchains/ethereum/info/logo.png?raw=true"
              />
              ETH
              <span
                class="MuiTouchRipple-root css-8je8zh-MuiTouchRipple-root"
              />
            </button>
          </div>
        </div>
        <hr
          class="MuiDivider-root MuiDivider-fullWidth css-9mgopn-MuiDivider-root"
          style="border-color: #202020; margin: 0.5em -1em 0px -1em;"
        />
        <button
          class="MuiButtonBase-root MuiIconButton-root MuiIconButton-sizeMedium undefined exchange css-78trlr-MuiButtonBase-root-MuiIconButton-root"
          tabindex="0"
          type="button"
        >
          <svg
            aria-hidden="true"
            class="MuiSvgIcon-root MuiSvgIcon-fontSizeMedium css-i4bv87-MuiSvgIcon-root"
            data-testid="SettingsEthernetIcon"
            focusable="false"
            viewBox="0 0 24 24"
          >
            <path
              d="M7.77 6.76 6.23 5.48.82 12l5.41 6.52 1.54-1.28L3.42 12l4.35-5.24zM7 13h2v-2H7v2zm10-2h-2v2h2v-2zm-6 2h2v-2h-2v2zm6.77-7.52-1.54 1.28L20.58 12l-4.35 5.24 1.54 1.28L23.18 12l-5.41-6.52z"
            />
          </svg>
          <span
            class="MuiTouchRipple-root css-8je8zh-MuiTouchRipple-root"
          />
        </button>
        <div
          class="MuiGrid-root MuiGrid-container mt-m1 mb-0 css-1tj2tdk-MuiGrid-root"
        >
          <div
            class="MuiGrid-root MuiGrid-container MuiGrid-item MuiGrid-direction-xs-column MuiGrid-grid-xs-7 css-1smoqvn-MuiGrid-root"
          >
            <input
              class="undefined qty-input"
              placeholder="1000"
              type="number"
              value=""
            />
          </div>
          <div
            class="MuiGrid-root MuiGrid-item MuiGrid-grid-xs-5 css-14m1l2r-MuiGrid-root"
          >
            <button
              class="MuiButtonBase-root MuiButton-root MuiButton-text MuiButton-textPrimary MuiButton-sizeMedium MuiButton-textSizeMedium MuiButton-root MuiButton-text MuiButton-textPrimary MuiButton-sizeMedium MuiButton-textSizeMedium undefined coin-select css-1e6y48t-MuiButtonBase-root-MuiButton-root"
              tabindex="0"
              type="button"
            >
              <img
                src="https://github.com/dapphub/trustwallet-assets/blob/master/blockchains/bitcoin/info/logo.png?raw=true"
              />
              BTC
              <span
                class="MuiTouchRipple-root css-8je8zh-MuiTouchRipple-root"
              />
            </button>
          </div>
        </div>
      </div>
      <div
        class="MuiGrid-root css-e54n9e-MuiGrid-root"
      >
        <button
          circular="true"
          class="MuiButtonBase-root MuiButton-root MuiButton-text MuiButton-textPrimary MuiButton-sizeMedium MuiButton-textSizeMedium Mui-disabled MuiButton-root MuiButton-text MuiButton-textPrimary MuiButton-sizeMedium MuiButton-textSizeMedium w-100 h-3 gradient-btn-disabled css-1e6y48t-MuiButtonBase-root-MuiButton-root"
          disabled=""
          secondary="true"
          tabindex="-1"
          type="button"
        >
          Enter Amounts to Swap
        </button>
      </div>
    </div>
  </div>
</div>
`;
