// Jest Snapshot v1, https://goo.gl/fbAQLP

exports[`App test should work 1`] = `
<div
  className="MuiGrid-root MuiGrid-container MuiGrid-direction-xs-column css-uz3bcw-MuiGrid-root"
>
  <div
    className="MuiGrid-root MuiGrid-container css-11lq3yg-MuiGrid-root"
  />
  <div
    className="MuiGrid-root MuiGrid-container MuiGrid-item css-hoc6b0-MuiGrid-root"
    style={
      {
        "padding": "1em 2em",
      }
    }
  />
  <div
    className="MuiGrid-root MuiGrid-container MuiGrid-item css-1f064cs-MuiGrid-root"
  >
    <div
      className="MuiGrid-root MuiGrid-container MuiGrid-item MuiGrid-grid-xs-10 css-1dsmj4t-MuiGrid-root"
    >
      <div
        className="MuiBox-root css-0"
      >
        <div
          className="MuiStack-root css-163ljxj-MuiStack-root"
        >
          <div
            className="MuiGrid-root MuiGrid-container css-1o9533o-MuiGrid-root"
          >
            <div
              className="MuiGrid-root MuiGrid-item MuiGrid-grid-xs-4 css-z58hwb-MuiGrid-root"
              style={
                {
                  "alignItems": "center",
                  "display": "flex",
                }
              }
            >
              <h3>
                Swap
              </h3>
            </div>
          </div>
          <div
            className="MuiGrid-root css-vj1n65-MuiGrid-root"
          >
            <div
              className="MuiGrid-root MuiGrid-container css-1tj2tdk-MuiGrid-root"
            >
              <div
                className="MuiGrid-root MuiGrid-container MuiGrid-item MuiGrid-direction-xs-column MuiGrid-grid-xs-7 css-1smoqvn-MuiGrid-root"
              >
                <input
                  className="undefined qty-input"
                  onChange={[Function]}
                  onKeyDown={[Function]}
                  placeholder={1000}
                  type="number"
                  value=""
                />
              </div>
              <div
                className="MuiGrid-root MuiGrid-item MuiGrid-grid-xs-5 css-14m1l2r-MuiGrid-root"
              >
                <button
                  className="MuiButtonBase-root MuiButton-root MuiButton-text MuiButton-textPrimary MuiButton-sizeMedium MuiButton-textSizeMedium MuiButton-root MuiButton-text MuiButton-textPrimary MuiButton-sizeMedium MuiButton-textSizeMedium undefined coin-select css-nyvysi-MuiButtonBase-root-MuiButton-root"
                  disabled={false}
                  onBlur={[Function]}
                  onClick={[Function]}
                  onContextMenu={[Function]}
                  onDragLeave={[Function]}
                  onFocus={[Function]}
                  onKeyDown={[Function]}
                  onKeyUp={[Function]}
                  onMouseDown={[Function]}
                  onMouseLeave={[Function]}
                  onMouseUp={[Function]}
                  onTouchEnd={[Function]}
                  onTouchMove={[Function]}
                  onTouchStart={[Function]}
                  tabIndex={0}
                  type="button"
                >
                  <img
                    src="https://github.com/dapphub/trustwallet-assets/blob/master/blockchains/bitcoin/info/logo.png?raw=true"
                  />
                  BTC
                  <span
                    className="MuiTouchRipple-root css-8je8zh-MuiTouchRipple-root"
                  />
                </button>
              </div>
            </div>
            <hr
              className="MuiDivider-root MuiDivider-fullWidth css-9mgopn-MuiDivider-root"
              style={
                {
                  "borderColor": "#202020",
                  "margin": "0.5em -1em 0 -1em",
                }
              }
            />
            <button
              className="MuiButtonBase-root MuiIconButton-root MuiIconButton-sizeMedium undefined exchange css-78trlr-MuiButtonBase-root-MuiIconButton-root"
              disabled={false}
              onBlur={[Function]}
              onClick={[Function]}
              onContextMenu={[Function]}
              onDragLeave={[Function]}
              onFocus={[Function]}
              onKeyDown={[Function]}
              onKeyUp={[Function]}
              onMouseDown={[Function]}
              onMouseLeave={[Function]}
              onMouseUp={[Function]}
              onTouchEnd={[Function]}
              onTouchMove={[Function]}
              onTouchStart={[Function]}
              tabIndex={0}
              type="button"
            >
              <svg
                aria-hidden={true}
                className="MuiSvgIcon-root MuiSvgIcon-fontSizeMedium css-i4bv87-MuiSvgIcon-root"
                data-testid="SettingsEthernetIcon"
                focusable="false"
                viewBox="0 0 24 24"
              >
                <path
                  d="M7.77 6.76 6.23 5.48.82 12l5.41 6.52 1.54-1.28L3.42 12l4.35-5.24zM7 13h2v-2H7v2zm10-2h-2v2h2v-2zm-6 2h2v-2h-2v2zm6.77-7.52-1.54 1.28L20.58 12l-4.35 5.24 1.54 1.28L23.18 12l-5.41-6.52z"
                />
              </svg>
              <span
                className="MuiTouchRipple-root css-8je8zh-MuiTouchRipple-root"
              />
            </button>
            <div
              className="MuiGrid-root MuiGrid-container mt-m1 mb-0 css-1tj2tdk-MuiGrid-root"
            >
              <div
                className="MuiGrid-root MuiGrid-container MuiGrid-item MuiGrid-direction-xs-column MuiGrid-grid-xs-7 css-1smoqvn-MuiGrid-root"
              >
                <input
                  className="undefined qty-input"
                  onChange={[Function]}
                  onKeyDown={[Function]}
                  placeholder={1000}
                  type="number"
                  value=""
                />
              </div>
              <div
                className="MuiGrid-root MuiGrid-item MuiGrid-grid-xs-5 css-14m1l2r-MuiGrid-root"
              >
                <button
                  className="MuiButtonBase-root MuiButton-root MuiButton-text MuiButton-textPrimary MuiButton-sizeMedium MuiButton-textSizeMedium MuiButton-root MuiButton-text MuiButton-textPrimary MuiButton-sizeMedium MuiButton-textSizeMedium undefined coin-select css-nyvysi-MuiButtonBase-root-MuiButton-root"
                  disabled={false}
                  onBlur={[Function]}
                  onClick={[Function]}
                  onContextMenu={[Function]}
                  onDragLeave={[Function]}
                  onFocus={[Function]}
                  onKeyDown={[Function]}
                  onKeyUp={[Function]}
                  onMouseDown={[Function]}
                  onMouseLeave={[Function]}
                  onMouseUp={[Function]}
                  onTouchEnd={[Function]}
                  onTouchMove={[Function]}
                  onTouchStart={[Function]}
                  tabIndex={0}
                  type="button"
                >
                  <img
                    src="https://github.com/dapphub/trustwallet-assets/blob/master/blockchains/ethereum/info/logo.png?raw=true"
                  />
                  ETH
                  <span
                    className="MuiTouchRipple-root css-8je8zh-MuiTouchRipple-root"
                  />
                </button>
              </div>
            </div>
          </div>
          <div
            className="MuiGrid-root css-e54n9e-MuiGrid-root"
          >
            <button
              circular="true"
              className="MuiButtonBase-root MuiButton-root MuiButton-text MuiButton-textPrimary MuiButton-sizeMedium MuiButton-textSizeMedium Mui-disabled MuiButton-root MuiButton-text MuiButton-textPrimary MuiButton-sizeMedium MuiButton-textSizeMedium w-100 h-3 gradient-btn-disabled css-nyvysi-MuiButtonBase-root-MuiButton-root"
              disabled={true}
              onBlur={[Function]}
              onContextMenu={[Function]}
              onDragLeave={[Function]}
              onFocus={[Function]}
              onKeyDown={[Function]}
              onKeyUp={[Function]}
              onMouseDown={[Function]}
              onMouseLeave={[Function]}
              onMouseUp={[Function]}
              onTouchEnd={[Function]}
              onTouchMove={[Function]}
              onTouchStart={[Function]}
              secondary="true"
              tabIndex={-1}
              type="button"
            >
              Enter Amounts to Swap
            </button>
          </div>
        </div>
      </div>
    </div>
  </div>
  <div
    className="MuiContainer-root MuiContainer-maxWidthLg css-1oqqzyl-MuiContainer-root"
    style={
      {
        "display": "block",
      }
    }
  >
    <div
      className="MuiStack-root css-1rzuxdl-MuiStack-root"
    >
      <div
        className="MuiStack-root css-m69qwo-MuiStack-root"
      >
        <div
          className="MuiStack-root css-313u06-MuiStack-root"
        >
          <p
            className="MuiTypography-root MuiTypography-body1 undefined undefined css-1tet1fr-MuiTypography-root"
            onClick={[Function]}
          >
            Activity
          </p>
        </div>
        <button
          className="MuiButtonBase-root MuiIconButton-root MuiIconButton-sizeMedium css-78trlr-MuiButtonBase-root-MuiIconButton-root"
          disabled={false}
          onBlur={[Function]}
          onClick={[Function]}
          onContextMenu={[Function]}
          onDragLeave={[Function]}
          onFocus={[Function]}
          onKeyDown={[Function]}
          onKeyUp={[Function]}
          onMouseDown={[Function]}
          onMouseLeave={[Function]}
          onMouseUp={[Function]}
          onTouchEnd={[Function]}
          onTouchMove={[Function]}
          onTouchStart={[Function]}
          tabIndex={0}
          type="button"
        >
          <svg
            aria-hidden={true}
            className="MuiSvgIcon-root MuiSvgIcon-fontSizeMedium css-i4bv87-MuiSvgIcon-root"
            data-testid="KeyboardDoubleArrowRightIcon"
            focusable="false"
            viewBox="0 0 24 24"
          >
            <path
              d="M6.41 6 5 7.41 9.58 12 5 16.59 6.41 18l6-6z"
            />
            <path
              d="m13 6-1.41 1.41L16.17 12l-4.58 4.59L13 18l6-6z"
            />
          </svg>
          <span
            className="MuiTouchRipple-root css-8je8zh-MuiTouchRipple-root"
          />
        </button>
      </div>
      <div
        className="MuiStack-root css-nen11g-MuiStack-root"
      >
        <p
          className="MuiTypography-root MuiTypography-body1 css-3v0wvh-MuiTypography-root"
        >
          No Activities
        </p>
      </div>
    </div>
  </div>
</div>
`;
